<testsuites id="" name="" tests="3" failures="0" skipped="0" errors="0" time="9.432974">
<testsuite name="UI\sauceDemoUITests.spec.js" timestamp="2024-07-03T15:26:31.096Z" hostname="chromium" tests="3" failures="0" skipped="0" time="7.472" errors="0">
<testcase name="Item added to cart successfully" classname="UI\sauceDemoUITests.spec.js" time="3.72">
</testcase>
<testcase name="Item removed from cart successfully" classname="UI\sauceDemoUITests.spec.js" time="1.804">
</testcase>
<testcase name="Item successfully ordered" classname="UI\sauceDemoUITests.spec.js" time="1.948">
</testcase>
</testsuite>
</testsuites>